正在执行...
2020-10-24T18:35:33.616+0800: [GC (Allocation Failure) [PSYoungGen: 64403K->10226K(74752K)] 64403K->21284K(245760K), 0.0037147 secs] [Times: user=0.00 sys=0.01, real=0.00 secs] 
2020-10-24T18:35:33.630+0800: [GC (Allocation Failure) [PSYoungGen: 74738K->10234K(76800K)] 85796K->43257K(247808K), 0.0048071 secs] [Times: user=0.01 sys=0.01, real=0.01 secs] 
2020-10-24T18:35:33.643+0800: [GC (Allocation Failure) [PSYoungGen: 76782K->10224K(76800K)] 109805K->68444K(247808K), 0.0051262 secs] [Times: user=0.01 sys=0.01, real=0.01 secs] 
2020-10-24T18:35:33.656+0800: [GC (Allocation Failure) [PSYoungGen: 76636K->10235K(76800K)] 134856K->91009K(247808K), 0.0043962 secs] [Times: user=0.01 sys=0.02, real=0.00 secs] 
2020-10-24T18:35:33.668+0800: [GC (Allocation Failure) [PSYoungGen: 76795K->10233K(76800K)] 157569K->111829K(247808K), 0.0043989 secs] [Times: user=0.01 sys=0.01, real=0.00 secs] 
2020-10-24T18:35:33.680+0800: [GC (Allocation Failure) [PSYoungGen: 76770K->10235K(39936K)] 178366K->139126K(210944K), 0.0051179 secs] [Times: user=0.02 sys=0.00, real=0.01 secs] 
2020-10-24T18:35:33.689+0800: [GC (Allocation Failure) [PSYoungGen: 39917K->19550K(58368K)] 168808K->151171K(229376K), 0.0028699 secs] [Times: user=0.01 sys=0.00, real=0.00 secs] 
2020-10-24T18:35:33.695+0800: [GC (Allocation Failure) [PSYoungGen: 49246K->23969K(58368K)] 180867K->159753K(229376K), 0.0032495 secs] [Times: user=0.01 sys=0.00, real=0.00 secs] 
2020-10-24T18:35:33.702+0800: [GC (Allocation Failure) [PSYoungGen: 53377K->28642K(58368K)] 189161K->170666K(229376K), 0.0040673 secs] [Times: user=0.02 sys=0.00, real=0.01 secs] 
2020-10-24T18:35:33.706+0800: [Full GC (Ergonomics) [PSYoungGen: 28642K->0K(58368K)] [ParOldGen: 142024K->144579K(175104K)] 170666K->144579K(233472K), [Metaspace: 2698K->2698K(1056768K)], 0.0173326 secs] [Times: user=0.05 sys=0.01, real=0.01 secs] 
2020-10-24T18:35:33.728+0800: [GC (Allocation Failure) [PSYoungGen: 29696K->10777K(58368K)] 174275K->155356K(233472K), 0.0015664 secs] [Times: user=0.00 sys=0.00, real=0.00 secs] 
2020-10-24T18:35:33.729+0800: [Full GC (Ergonomics) [PSYoungGen: 10777K->0K(58368K)] [ParOldGen: 144579K->150916K(175104K)] 155356K->150916K(233472K), [Metaspace: 2698K->2698K(1056768K)], 0.0144892 secs] [Times: user=0.05 sys=0.01, real=0.01 secs] 
2020-10-24T18:35:33.747+0800: [Full GC (Ergonomics) [PSYoungGen: 29609K->0K(58368K)] [ParOldGen: 150916K->155920K(175104K)] 180525K->155920K(233472K), [Metaspace: 2698K->2698K(1056768K)], 0.0153202 secs] [Times: user=0.05 sys=0.00, real=0.01 secs] 
2020-10-24T18:35:33.767+0800: [Full GC (Ergonomics) [PSYoungGen: 29613K->0K(58368K)] [ParOldGen: 155920K->164448K(175104K)] 185533K->164448K(233472K), [Metaspace: 2698K->2698K(1056768K)], 0.0139093 secs] [Times: user=0.05 sys=0.00, real=0.01 secs] 
2020-10-24T18:35:33.784+0800: [Full GC (Ergonomics) [PSYoungGen: 29475K->0K(58368K)] [ParOldGen: 164448K->170945K(175104K)] 193924K->170945K(233472K), [Metaspace: 2698K->2698K(1056768K)], 0.0160742 secs] [Times: user=0.06 sys=0.00, real=0.02 secs] 
2020-10-24T18:35:33.804+0800: [Full GC (Ergonomics) [PSYoungGen: 29696K->0K(58368K)] [ParOldGen: 170945K->172717K(175104K)] 200641K->172717K(233472K), [Metaspace: 2698K->2698K(1056768K)], 0.0140856 secs] [Times: user=0.04 sys=0.01, real=0.02 secs] 
2020-10-24T18:35:33.822+0800: [Full GC (Ergonomics) [PSYoungGen: 29693K->1440K(58368K)] [ParOldGen: 172717K->175094K(175104K)] 202410K->176535K(233472K), [Metaspace: 2698K->2698K(1056768K)], 0.0143660 secs] [Times: user=0.05 sys=0.00, real=0.02 secs] 
2020-10-24T18:35:33.840+0800: [Full GC (Ergonomics) [PSYoungGen: 29156K->7167K(58368K)] [ParOldGen: 175094K->174749K(175104K)] 204250K->181916K(233472K), [Metaspace: 2698K->2698K(1056768K)], 0.0164678 secs] [Times: user=0.06 sys=0.00, real=0.02 secs] 
2020-10-24T18:35:33.859+0800: [Full GC (Ergonomics) [PSYoungGen: 29685K->8620K(58368K)] [ParOldGen: 174749K->174722K(175104K)] 204435K->183342K(233472K), [Metaspace: 2698K->2698K(1056768K)], 0.0159232 secs] [Times: user=0.06 sys=0.00, real=0.02 secs] 
2020-10-24T18:35:33.877+0800: [Full GC (Ergonomics) [PSYoungGen: 29666K->12965K(58368K)] [ParOldGen: 174722K->174623K(175104K)] 204388K->187589K(233472K), [Metaspace: 2698K->2698K(1056768K)], 0.0160411 secs] [Times: user=0.06 sys=0.00, real=0.01 secs] 
2020-10-24T18:35:33.896+0800: [Full GC (Ergonomics) [PSYoungGen: 29581K->16963K(58368K)] [ParOldGen: 174623K->175025K(175104K)] 204204K->191989K(233472K), [Metaspace: 2698K->2698K(1056768K)], 0.0170611 secs] [Times: user=0.07 sys=0.00, real=0.01 secs] 
2020-10-24T18:35:33.914+0800: [Full GC (Ergonomics) [PSYoungGen: 29059K->19848K(58368K)] [ParOldGen: 175025K->174535K(175104K)] 204085K->194383K(233472K), [Metaspace: 2698K->2698K(1056768K)], 0.0163747 secs] [Times: user=0.06 sys=0.00, real=0.02 secs] 
2020-10-24T18:35:33.932+0800: [Full GC (Ergonomics) [PSYoungGen: 29696K->19422K(58368K)] [ParOldGen: 174535K->174599K(175104K)] 204231K->194021K(233472K), [Metaspace: 2698K->2698K(1056768K)], 0.0174224 secs] [Times: user=0.07 sys=0.00, real=0.02 secs] 
2020-10-24T18:35:33.950+0800: [Full GC (Ergonomics) [PSYoungGen: 29168K->22237K(58368K)] [ParOldGen: 174599K->174847K(175104K)] 203767K->197084K(233472K), [Metaspace: 2698K->2698K(1056768K)], 0.0178142 secs] [Times: user=0.07 sys=0.00, real=0.02 secs] 
2020-10-24T18:35:33.969+0800: [Full GC (Ergonomics) [PSYoungGen: 29175K->24477K(58368K)] [ParOldGen: 174847K->174985K(175104K)] 204022K->199462K(233472K), [Metaspace: 2698K->2698K(1056768K)], 0.0227268 secs] [Times: user=0.08 sys=0.00, real=0.02 secs] 
2020-10-24T18:35:33.993+0800: [Full GC (Ergonomics) [PSYoungGen: 29473K->25465K(58368K)] [ParOldGen: 174985K->174803K(175104K)] 204458K->200268K(233472K), [Metaspace: 2698K->2698K(1056768K)], 0.0183626 secs] [Times: user=0.04 sys=0.00, real=0.02 secs] 
2020-10-24T18:35:34.012+0800: [Full GC (Ergonomics) [PSYoungGen: 29454K->26028K(58368K)] [ParOldGen: 174803K->174498K(175104K)] 204257K->200527K(233472K), [Metaspace: 2698K->2698K(1056768K)], 0.0191683 secs] [Times: user=0.07 sys=0.00, real=0.02 secs] 
2020-10-24T18:35:34.031+0800: [Full GC (Ergonomics) [PSYoungGen: 29675K->26751K(58368K)] [ParOldGen: 174498K->174842K(175104K)] 204174K->201593K(233472K), [Metaspace: 2698K->2698K(1056768K)], 0.0152130 secs] [Times: user=0.05 sys=0.00, real=0.02 secs] 
2020-10-24T18:35:34.047+0800: [Full GC (Ergonomics) [PSYoungGen: 29524K->27051K(58368K)] [ParOldGen: 174842K->174662K(175104K)] 204366K->201713K(233472K), [Metaspace: 2698K->2698K(1056768K)], 0.0136105 secs] [Times: user=0.05 sys=0.00, real=0.01 secs] 
2020-10-24T18:35:34.061+0800: [Full GC (Ergonomics) [PSYoungGen: 29625K->28589K(58368K)] [ParOldGen: 174662K->174296K(175104K)] 204288K->202886K(233472K), [Metaspace: 2698K->2698K(1056768K)], 0.0126617 secs] [Times: user=0.05 sys=0.00, real=0.01 secs] 
2020-10-24T18:35:34.074+0800: [Full GC (Ergonomics) [PSYoungGen: 29627K->27582K(58368K)] [ParOldGen: 174296K->175066K(175104K)] 203924K->202648K(233472K), [Metaspace: 2698K->2698K(1056768K)], 0.0153749 secs] [Times: user=0.06 sys=0.01, real=0.02 secs] 
2020-10-24T18:35:34.090+0800: [Full GC (Ergonomics) [PSYoungGen: 29663K->28696K(58368K)] [ParOldGen: 175066K->174557K(175104K)] 204730K->203253K(233472K), [Metaspace: 2698K->2698K(1056768K)], 0.0101602 secs] [Times: user=0.03 sys=0.00, real=0.01 secs] 
2020-10-24T18:35:34.101+0800: [Full GC (Ergonomics) [PSYoungGen: 29623K->29137K(58368K)] [ParOldGen: 174557K->174557K(175104K)] 204181K->203694K(233472K), [Metaspace: 2698K->2698K(1056768K)], 0.0018903 secs] [Times: user=0.01 sys=0.00, real=0.00 secs] 
2020-10-24T18:35:34.103+0800: [Full GC (Ergonomics) [PSYoungGen: 29652K->29029K(58368K)] [ParOldGen: 174557K->174557K(175104K)] 204210K->203586K(233472K), [Metaspace: 2698K->2698K(1056768K)], 0.0017638 secs] [Times: user=0.00 sys=0.00, real=0.01 secs] 
2020-10-24T18:35:34.105+0800: [Full GC (Ergonomics) [PSYoungGen: 29649K->29240K(58368K)] [ParOldGen: 174557K->174557K(175104K)] 204207K->203798K(233472K), [Metaspace: 2698K->2698K(1056768K)], 0.0018812 secs] [Times: user=0.01 sys=0.00, real=0.00 secs] 
2020-10-24T18:35:34.107+0800: [Full GC (Ergonomics) [PSYoungGen: 29665K->29240K(58368K)] [ParOldGen: 174557K->174557K(175104K)] 204222K->203798K(233472K), [Metaspace: 2698K->2698K(1056768K)], 0.0020067 secs] [Times: user=0.00 sys=0.00, real=0.00 secs] 
2020-10-24T18:35:34.109+0800: [Full GC (Ergonomics) [PSYoungGen: 29479K->29096K(58368K)] [ParOldGen: 174557K->174557K(175104K)] 204036K->203654K(233472K), [Metaspace: 2698K->2698K(1056768K)], 0.0017831 secs] [Times: user=0.00 sys=0.00, real=0.00 secs] 
2020-10-24T18:35:34.111+0800: [Full GC (Ergonomics) [PSYoungGen: 29398K->29096K(58368K)] [ParOldGen: 174557K->174557K(175104K)] 203956K->203654K(233472K), [Metaspace: 2698K->2698K(1056768K)], 0.0017579 secs] [Times: user=0.00 sys=0.00, real=0.00 secs] 
2020-10-24T18:35:34.113+0800: [Full GC (Ergonomics) [PSYoungGen: 29677K->29037K(58368K)] [ParOldGen: 174557K->174922K(175104K)] 204235K->203960K(233472K), [Metaspace: 2698K->2698K(1056768K)], 0.0114555 secs] [Times: user=0.05 sys=0.00, real=0.02 secs] 
2020-10-24T18:35:34.125+0800: [Full GC (Ergonomics) [PSYoungGen: 29375K->29086K(58368K)] [ParOldGen: 174922K->174622K(175104K)] 204298K->203709K(233472K), [Metaspace: 2698K->2698K(1056768K)], 0.0036842 secs] [Times: user=0.01 sys=0.00, real=0.00 secs] 
2020-10-24T18:35:34.129+0800: [Full GC (Ergonomics) [PSYoungGen: 29685K->29200K(58368K)] [ParOldGen: 174622K->174622K(175104K)] 204308K->203823K(233472K), [Metaspace: 2698K->2698K(1056768K)], 0.0018109 secs] [Times: user=0.00 sys=0.00, real=0.00 secs] 
2020-10-24T18:35:34.131+0800: [Full GC (Ergonomics) [PSYoungGen: 29463K->29326K(58368K)] [ParOldGen: 174622K->174622K(175104K)] 204086K->203949K(233472K), [Metaspace: 2698K->2698K(1056768K)], 0.0022203 secs] [Times: user=0.01 sys=0.00, real=0.00 secs] 
2020-10-24T18:35:34.133+0800: [Full GC (Ergonomics) [PSYoungGen: 29623K->29470K(58368K)] [ParOldGen: 174622K->174622K(175104K)] 204246K->204093K(233472K), [Metaspace: 2698K->2698K(1056768K)], 0.0017058 secs] [Times: user=0.00 sys=0.00, real=0.01 secs] 
2020-10-24T18:35:34.135+0800: [Full GC (Ergonomics) [PSYoungGen: 29641K->29182K(58368K)] [ParOldGen: 174622K->174622K(175104K)] 204264K->203805K(233472K), [Metaspace: 2698K->2698K(1056768K)], 0.0021562 secs] [Times: user=0.01 sys=0.00, real=0.00 secs] 
2020-10-24T18:35:34.137+0800: [Full GC (Ergonomics) [PSYoungGen: 29568K->28840K(58368K)] [ParOldGen: 174622K->174789K(175104K)] 204191K->203629K(233472K), [Metaspace: 2698K->2698K(1056768K)], 0.0072670 secs] [Times: user=0.02 sys=0.00, real=0.01 secs] 
2020-10-24T18:35:34.145+0800: [Full GC (Ergonomics) [PSYoungGen: 29450K->28768K(58368K)] [ParOldGen: 174789K->174789K(175104K)] 204239K->203557K(233472K), [Metaspace: 2698K->2698K(1056768K)], 0.0017007 secs] [Times: user=0.01 sys=0.00, real=0.00 secs] 
2020-10-24T18:35:34.147+0800: [Full GC (Ergonomics) [PSYoungGen: 29652K->28941K(58368K)] [ParOldGen: 174789K->174789K(175104K)] 204441K->203730K(233472K), [Metaspace: 2698K->2698K(1056768K)], 0.0022694 secs] [Times: user=0.00 sys=0.00, real=0.00 secs] 
2020-10-24T18:35:34.149+0800: [Full GC (Ergonomics) [PSYoungGen: 29686K->29051K(58368K)] [ParOldGen: 174789K->174789K(175104K)] 204475K->203840K(233472K), [Metaspace: 2698K->2698K(1056768K)], 0.0017073 secs] [Times: user=0.01 sys=0.00, real=0.00 secs] 
2020-10-24T18:35:34.151+0800: [Full GC (Ergonomics) [PSYoungGen: 29367K->28987K(58368K)] [ParOldGen: 174789K->174621K(175104K)] 204156K->203608K(233472K), [Metaspace: 2698K->2698K(1056768K)], 0.0090164 secs] [Times: user=0.02 sys=0.00, real=0.01 secs] 
2020-10-24T18:35:34.160+0800: [Full GC (Ergonomics) [PSYoungGen: 29598K->29059K(58368K)] [ParOldGen: 174621K->174621K(175104K)] 204219K->203680K(233472K), [Metaspace: 2698K->2698K(1056768K)], 0.0017240 secs] [Times: user=0.01 sys=0.00, real=0.00 secs] 
2020-10-24T18:35:34.162+0800: [Full GC (Ergonomics) [PSYoungGen: 29582K->29131K(58368K)] [ParOldGen: 174621K->174621K(175104K)] 204204K->203752K(233472K), [Metaspace: 2698K->2698K(1056768K)], 0.0017329 secs] [Times: user=0.00 sys=0.00, real=0.00 secs] 
2020-10-24T18:35:34.164+0800: [Full GC (Ergonomics) [PSYoungGen: 29542K->29252K(58368K)] [ParOldGen: 174621K->174297K(175104K)] 204163K->203549K(233472K), [Metaspace: 2698K->2698K(1056768K)], 0.0152223 secs] [Times: user=0.06 sys=0.01, real=0.01 secs] 
2020-10-24T18:35:34.180+0800: [Full GC (Ergonomics) [PSYoungGen: 29550K->29396K(58368K)] [ParOldGen: 174297K->174297K(175104K)] 203847K->203693K(233472K), [Metaspace: 2698K->2698K(1056768K)], 0.0016624 secs] [Times: user=0.00 sys=0.00, real=0.00 secs] 
2020-10-24T18:35:34.182+0800: [Full GC (Ergonomics) [PSYoungGen: 29581K->29293K(58368K)] [ParOldGen: 174297K->174297K(175104K)] 203878K->203590K(233472K), [Metaspace: 2698K->2698K(1056768K)], 0.0016677 secs] [Times: user=0.00 sys=0.00, real=0.00 secs] 
2020-10-24T18:35:34.184+0800: [Full GC (Ergonomics) [PSYoungGen: 29689K->29293K(58368K)] [ParOldGen: 174830K->174739K(175104K)] 204519K->204032K(233472K), [Metaspace: 2698K->2698K(1056768K)], 0.0140162 secs] [Times: user=0.06 sys=0.00, real=0.02 secs] 
2020-10-24T18:35:34.198+0800: [Full GC (Ergonomics) [PSYoungGen: 29696K->29665K(58368K)] [ParOldGen: 174739K->174683K(175104K)] 204435K->204348K(233472K), [Metaspace: 2698K->2698K(1056768K)], 0.0144903 secs] [Times: user=0.05 sys=0.00, real=0.01 secs] 
2020-10-24T18:35:34.212+0800: [Full GC (Allocation Failure) [PSYoungGen: 29665K->29665K(58368K)] [ParOldGen: 174683K->174664K(175104K)] 204348K->204330K(233472K), [Metaspace: 2698K->2698K(1056768K)], 0.0100179 secs] [Times: user=0.04 sys=0.00, real=0.01 secs] 
Exception in thread "main" java.lang.OutOfMemoryError: Java heap space
	at GCLogAnalysis.generateGarbage(GCLogAnalysis.java:48)
	at GCLogAnalysis.main(GCLogAnalysis.java:25)
Heap
 PSYoungGen      total 58368K, used 29696K [0x00000000fab00000, 0x0000000100000000, 0x0000000100000000)
  eden space 29696K, 100% used [0x00000000fab00000,0x00000000fc800000,0x00000000fc800000)
  from space 28672K, 0% used [0x00000000fe400000,0x00000000fe400000,0x0000000100000000)
  to   space 28672K, 0% used [0x00000000fc800000,0x00000000fc800000,0x00000000fe400000)
 ParOldGen       total 175104K, used 174664K [0x00000000f0000000, 0x00000000fab00000, 0x00000000fab00000)
  object space 175104K, 99% used [0x00000000f0000000,0x00000000faa92198,0x00000000fab00000)
 Metaspace       used 2728K, capacity 4486K, committed 4864K, reserved 1056768K
  class space    used 281K, capacity 386K, committed 512K, reserved 1048576K
