正在执行...
2020-10-24T18:35:34.302+0800: [GC (Allocation Failure) [PSYoungGen: 64512K->10239K(74752K)] 64512K->21766K(245760K), 0.0035622 secs] [Times: user=0.00 sys=0.01, real=0.01 secs] 
2020-10-24T18:35:34.316+0800: [GC (Allocation Failure) [PSYoungGen: 74751K->10239K(139264K)] 86278K->44094K(310272K), 0.0064327 secs] [Times: user=0.00 sys=0.02, real=0.00 secs] 
2020-10-24T18:35:34.357+0800: [GC (Allocation Failure) [PSYoungGen: 139263K->10233K(139264K)] 173118K->82370K(310272K), 0.0068214 secs] [Times: user=0.00 sys=0.02, real=0.00 secs] 
2020-10-24T18:35:34.380+0800: [GC (Allocation Failure) [PSYoungGen: 139257K->10235K(164352K)] 211394K->125374K(335360K), 0.0076768 secs] [Times: user=0.01 sys=0.02, real=0.01 secs] 
2020-10-24T18:35:34.409+0800: [GC (Allocation Failure) [PSYoungGen: 164347K->10228K(164352K)] 279486K->178304K(335360K), 0.0088337 secs] [Times: user=0.02 sys=0.01, real=0.01 secs] 
2020-10-24T18:35:34.417+0800: [Full GC (Ergonomics) [PSYoungGen: 10228K->0K(164352K)] [ParOldGen: 168076K->150604K(299008K)] 178304K->150604K(463360K), [Metaspace: 2698K->2698K(1056768K)], 0.0183150 secs] [Times: user=0.06 sys=0.01, real=0.02 secs] 
2020-10-24T18:35:34.455+0800: [GC (Allocation Failure) [PSYoungGen: 154112K->10229K(69120K)] 304716K->199467K(368128K), 0.0061791 secs] [Times: user=0.02 sys=0.00, real=0.00 secs] 
2020-10-24T18:35:34.469+0800: [GC (Allocation Failure) [PSYoungGen: 69109K->28942K(116736K)] 258347K->218180K(415744K), 0.0032239 secs] [Times: user=0.01 sys=0.00, real=0.00 secs] 
2020-10-24T18:35:34.478+0800: [GC (Allocation Failure) [PSYoungGen: 87522K->50402K(116736K)] 276759K->239640K(415744K), 0.0051180 secs] [Times: user=0.01 sys=0.00, real=0.00 secs] 
2020-10-24T18:35:34.491+0800: [GC (Allocation Failure) [PSYoungGen: 109278K->57827K(116736K)] 298516K->256257K(415744K), 0.0069835 secs] [Times: user=0.03 sys=0.00, real=0.01 secs] 
2020-10-24T18:35:34.504+0800: [GC (Allocation Failure) [PSYoungGen: 116584K->37529K(116736K)] 315014K->273358K(415744K), 0.0084032 secs] [Times: user=0.03 sys=0.00, real=0.01 secs] 
2020-10-24T18:35:34.519+0800: [GC (Allocation Failure) [PSYoungGen: 96384K->19368K(116736K)] 332213K->291822K(415744K), 0.0071656 secs] [Times: user=0.00 sys=0.02, real=0.01 secs] 
2020-10-24T18:35:34.526+0800: [Full GC (Ergonomics) [PSYoungGen: 19368K->0K(116736K)] [ParOldGen: 272454K->234121K(349696K)] 291822K->234121K(466432K), [Metaspace: 2698K->2698K(1056768K)], 0.0246379 secs] [Times: user=0.09 sys=0.00, real=0.02 secs] 
2020-10-24T18:35:34.558+0800: [GC (Allocation Failure) [PSYoungGen: 58848K->15893K(116736K)] 292969K->250014K(466432K), 0.0019269 secs] [Times: user=0.01 sys=0.00, real=0.00 secs] 
2020-10-24T18:35:34.567+0800: [GC (Allocation Failure) [PSYoungGen: 74705K->17479K(116736K)] 308826K->266252K(466432K), 0.0034453 secs] [Times: user=0.02 sys=0.00, real=0.00 secs] 
2020-10-24T18:35:34.578+0800: [GC (Allocation Failure) [PSYoungGen: 76359K->21841K(116736K)] 325132K->286632K(466432K), 0.0040258 secs] [Times: user=0.02 sys=0.00, real=0.00 secs] 
2020-10-24T18:35:34.589+0800: [GC (Allocation Failure) [PSYoungGen: 80551K->19040K(116736K)] 345341K->303729K(466432K), 0.0045923 secs] [Times: user=0.01 sys=0.01, real=0.00 secs] 
2020-10-24T18:35:34.601+0800: [GC (Allocation Failure) [PSYoungGen: 77920K->18290K(116736K)] 362609K->320086K(466432K), 0.0045016 secs] [Times: user=0.00 sys=0.01, real=0.01 secs] 
2020-10-24T18:35:34.613+0800: [GC (Allocation Failure) [PSYoungGen: 76647K->17791K(116736K)] 378444K->337296K(466432K), 0.0043704 secs] [Times: user=0.01 sys=0.00, real=0.01 secs] 
2020-10-24T18:35:34.617+0800: [Full GC (Ergonomics) [PSYoungGen: 17791K->0K(116736K)] [ParOldGen: 319504K->263774K(349696K)] 337296K->263774K(466432K), [Metaspace: 2698K->2698K(1056768K)], 0.0254686 secs] [Times: user=0.10 sys=0.00, real=0.02 secs] 
2020-10-24T18:35:34.650+0800: [GC (Allocation Failure) [PSYoungGen: 58512K->19645K(116736K)] 322286K->283419K(466432K), 0.0024413 secs] [Times: user=0.01 sys=0.00, real=0.00 secs] 
2020-10-24T18:35:34.659+0800: [GC (Allocation Failure) [PSYoungGen: 78525K->22501K(116736K)] 342299K->304808K(466432K), 0.0043076 secs] [Times: user=0.02 sys=0.00, real=0.00 secs] 
2020-10-24T18:35:34.670+0800: [GC (Allocation Failure) [PSYoungGen: 81275K->17202K(116736K)] 363581K->321405K(466432K), 0.0041025 secs] [Times: user=0.01 sys=0.00, real=0.00 secs] 
2020-10-24T18:35:34.682+0800: [GC (Allocation Failure) [PSYoungGen: 76082K->16571K(116736K)] 380285K->337010K(466432K), 0.0036305 secs] [Times: user=0.01 sys=0.00, real=0.01 secs] 
2020-10-24T18:35:34.685+0800: [Full GC (Ergonomics) [PSYoungGen: 16571K->0K(116736K)] [ParOldGen: 320439K->279712K(349696K)] 337010K->279712K(466432K), [Metaspace: 2698K->2698K(1056768K)], 0.0259738 secs] [Times: user=0.10 sys=0.00, real=0.02 secs] 
2020-10-24T18:35:34.718+0800: [GC (Allocation Failure) [PSYoungGen: 58553K->17944K(116736K)] 338266K->297657K(466432K), 0.0021260 secs] [Times: user=0.01 sys=0.00, real=0.00 secs] 
2020-10-24T18:35:34.726+0800: [GC (Allocation Failure) [PSYoungGen: 76823K->21220K(116736K)] 356536K->318061K(466432K), 0.0040687 secs] [Times: user=0.02 sys=0.00, real=0.00 secs] 
2020-10-24T18:35:34.738+0800: [GC (Allocation Failure) [PSYoungGen: 79761K->19417K(112640K)] 376602K->336359K(462336K), 0.0043941 secs] [Times: user=0.02 sys=0.00, real=0.00 secs] 
2020-10-24T18:35:34.742+0800: [Full GC (Ergonomics) [PSYoungGen: 19417K->0K(112640K)] [ParOldGen: 316942K->290089K(349696K)] 336359K->290089K(462336K), [Metaspace: 2698K->2698K(1056768K)], 0.0272340 secs] [Times: user=0.10 sys=0.00, real=0.03 secs] 
2020-10-24T18:35:34.777+0800: [GC (Allocation Failure) [PSYoungGen: 58639K->18447K(114688K)] 348728K->308537K(464384K), 0.0024045 secs] [Times: user=0.01 sys=0.00, real=0.00 secs] 
2020-10-24T18:35:34.786+0800: [GC (Allocation Failure) [PSYoungGen: 76607K->38617K(115712K)] 366697K->328707K(465408K), 0.0040364 secs] [Times: user=0.02 sys=0.00, real=0.00 secs] 
2020-10-24T18:35:34.797+0800: [GC (Allocation Failure) [PSYoungGen: 100511K->44163K(106496K)] 390601K->349588K(456192K), 0.0057583 secs] [Times: user=0.02 sys=0.00, real=0.00 secs] 
2020-10-24T18:35:34.810+0800: [GC (Allocation Failure) [PSYoungGen: 106061K->23057K(117248K)] 411486K->371166K(466944K), 0.0072697 secs] [Times: user=0.02 sys=0.01, real=0.01 secs] 
2020-10-24T18:35:34.817+0800: [Full GC (Ergonomics) [PSYoungGen: 23057K->0K(117248K)] [ParOldGen: 348108K->312612K(349696K)] 371166K->312612K(466944K), [Metaspace: 2698K->2698K(1056768K)], 0.0295245 secs] [Times: user=0.11 sys=0.00, real=0.03 secs] 
2020-10-24T18:35:34.853+0800: [Full GC (Ergonomics) [PSYoungGen: 59181K->0K(117248K)] [ParOldGen: 312612K->316355K(349696K)] 371794K->316355K(466944K), [Metaspace: 2698K->2698K(1056768K)], 0.0293405 secs] [Times: user=0.11 sys=0.00, real=0.03 secs] 
2020-10-24T18:35:34.890+0800: [Full GC (Ergonomics) [PSYoungGen: 59180K->0K(117248K)] [ParOldGen: 316355K->321842K(349696K)] 375536K->321842K(466944K), [Metaspace: 2698K->2698K(1056768K)], 0.0293371 secs] [Times: user=0.12 sys=0.00, real=0.03 secs] 
2020-10-24T18:35:34.926+0800: [Full GC (Ergonomics) [PSYoungGen: 59392K->0K(117248K)] [ParOldGen: 321842K->327043K(349696K)] 381234K->327043K(466944K), [Metaspace: 2698K->2698K(1056768K)], 0.0303171 secs] [Times: user=0.12 sys=0.00, real=0.03 secs] 
2020-10-24T18:35:34.963+0800: [Full GC (Ergonomics) [PSYoungGen: 59392K->0K(117248K)] [ParOldGen: 327043K->331237K(349696K)] 386435K->331237K(466944K), [Metaspace: 2698K->2698K(1056768K)], 0.0325993 secs] [Times: user=0.11 sys=0.00, real=0.04 secs] 
2020-10-24T18:35:35.001+0800: [Full GC (Ergonomics) [PSYoungGen: 59249K->0K(117248K)] [ParOldGen: 331237K->339757K(349696K)] 390486K->339757K(466944K), [Metaspace: 2698K->2698K(1056768K)], 0.0309161 secs] [Times: user=0.11 sys=0.00, real=0.03 secs] 
2020-10-24T18:35:35.039+0800: [Full GC (Ergonomics) [PSYoungGen: 59370K->0K(117248K)] [ParOldGen: 339757K->345589K(349696K)] 399127K->345589K(466944K), [Metaspace: 2698K->2698K(1056768K)], 0.0318392 secs] [Times: user=0.12 sys=0.00, real=0.03 secs] 
2020-10-24T18:35:35.077+0800: [Full GC (Ergonomics) [PSYoungGen: 59392K->0K(117248K)] [ParOldGen: 345589K->349082K(349696K)] 404981K->349082K(466944K), [Metaspace: 2698K->2698K(1056768K)], 0.0317536 secs] [Times: user=0.11 sys=0.00, real=0.03 secs] 
2020-10-24T18:35:35.115+0800: [Full GC (Ergonomics) [PSYoungGen: 59023K->0K(117248K)] [ParOldGen: 349082K->342840K(349696K)] 408106K->342840K(466944K), [Metaspace: 2698K->2698K(1056768K)], 0.0312063 secs] [Times: user=0.12 sys=0.00, real=0.03 secs] 
2020-10-24T18:35:35.153+0800: [Full GC (Ergonomics) [PSYoungGen: 59389K->0K(117248K)] [ParOldGen: 342840K->344287K(349696K)] 402230K->344287K(466944K), [Metaspace: 2698K->2698K(1056768K)], 0.0310050 secs] [Times: user=0.11 sys=0.00, real=0.03 secs] 
2020-10-24T18:35:35.192+0800: [Full GC (Ergonomics) [PSYoungGen: 59392K->0K(117248K)] [ParOldGen: 344287K->343643K(349696K)] 403679K->343643K(466944K), [Metaspace: 2698K->2698K(1056768K)], 0.0309448 secs] [Times: user=0.12 sys=0.00, real=0.03 secs] 
2020-10-24T18:35:35.229+0800: [Full GC (Ergonomics) [PSYoungGen: 59392K->0K(117248K)] [ParOldGen: 343643K->342615K(349696K)] 403035K->342615K(466944K), [Metaspace: 2698K->2698K(1056768K)], 0.0321267 secs] [Times: user=0.12 sys=0.00, real=0.03 secs] 
2020-10-24T18:35:35.268+0800: [Full GC (Ergonomics) [PSYoungGen: 59387K->0K(117248K)] [ParOldGen: 342615K->345933K(349696K)] 402002K->345933K(466944K), [Metaspace: 2698K->2698K(1056768K)], 0.0316019 secs] [Times: user=0.12 sys=0.00, real=0.03 secs] 
执行结束!共生成对象次数:10304
Heap
 PSYoungGen      total 117248K, used 3121K [0x00000000f5580000, 0x0000000100000000, 0x0000000100000000)
  eden space 59392K, 5% used [0x00000000f5580000,0x00000000f588c748,0x00000000f8f80000)
  from space 57856K, 0% used [0x00000000fc780000,0x00000000fc780000,0x0000000100000000)
  to   space 57344K, 0% used [0x00000000f8f80000,0x00000000f8f80000,0x00000000fc780000)
 ParOldGen       total 349696K, used 345933K [0x00000000e0000000, 0x00000000f5580000, 0x00000000f5580000)
  object space 349696K, 98% used [0x00000000e0000000,0x00000000f51d3410,0x00000000f5580000)
 Metaspace       used 2704K, capacity 4486K, committed 4864K, reserved 1056768K
  class space    used 278K, capacity 386K, committed 512K, reserved 1048576K
