正在执行...
2020-10-24T18:27:17.897+0800: [GC (Allocation Failure) [PSYoungGen: 33249K->5099K(38400K)] 33249K->9375K(125952K), 0.0019461 secs] [Times: user=0.00 sys=0.00, real=0.00 secs] 
2020-10-24T18:27:17.906+0800: [GC (Allocation Failure) [PSYoungGen: 37761K->5117K(38400K)] 42036K->18231K(125952K), 0.0033942 secs] [Times: user=0.01 sys=0.01, real=0.00 secs] 
2020-10-24T18:27:17.914+0800: [GC (Allocation Failure) [PSYoungGen: 38233K->5116K(38400K)] 51347K->29797K(125952K), 0.0033396 secs] [Times: user=0.00 sys=0.00, real=0.01 secs] 
2020-10-24T18:27:17.923+0800: [GC (Allocation Failure) [PSYoungGen: 38396K->5118K(38400K)] 63077K->38641K(125952K), 0.0025219 secs] [Times: user=0.01 sys=0.01, real=0.01 secs] 
2020-10-24T18:27:17.930+0800: [GC (Allocation Failure) [PSYoungGen: 38398K->5114K(38400K)] 71921K->49312K(125952K), 0.0026811 secs] [Times: user=0.01 sys=0.00, real=0.00 secs] 
2020-10-24T18:27:17.937+0800: [GC (Allocation Failure) [PSYoungGen: 38185K->5114K(19968K)] 82382K->58328K(107520K), 0.0025271 secs] [Times: user=0.00 sys=0.01, real=0.00 secs] 
2020-10-24T18:27:17.941+0800: [GC (Allocation Failure) [PSYoungGen: 19962K->10310K(29184K)] 73176K->64878K(116736K), 0.0017056 secs] [Times: user=0.01 sys=0.00, real=0.00 secs] 
2020-10-24T18:27:17.945+0800: [GC (Allocation Failure) [PSYoungGen: 25153K->12321K(29184K)] 79721K->69143K(116736K), 0.0020941 secs] [Times: user=0.01 sys=0.00, real=0.00 secs] 
2020-10-24T18:27:17.949+0800: [GC (Allocation Failure) [PSYoungGen: 26920K->14308K(29184K)] 83742K->75280K(116736K), 0.0025065 secs] [Times: user=0.01 sys=0.00, real=0.00 secs] 
2020-10-24T18:27:17.954+0800: [GC (Allocation Failure) [PSYoungGen: 28939K->9385K(29184K)] 89910K->79832K(116736K), 0.0026969 secs] [Times: user=0.00 sys=0.01, real=0.01 secs] 
2020-10-24T18:27:17.958+0800: [GC (Allocation Failure) [PSYoungGen: 24147K->5019K(29184K)] 94593K->84826K(116736K), 0.0020144 secs] [Times: user=0.01 sys=0.00, real=0.00 secs] 
2020-10-24T18:27:17.960+0800: [Full GC (Ergonomics) [PSYoungGen: 5019K->0K(29184K)] [ParOldGen: 79806K->79226K(87552K)] 84826K->79226K(116736K), [Metaspace: 2698K->2698K(1056768K)], 0.0098885 secs] [Times: user=0.03 sys=0.00, real=0.01 secs] 
2020-10-24T18:27:17.972+0800: [Full GC (Ergonomics) [PSYoungGen: 14698K->0K(29184K)] [ParOldGen: 79226K->82747K(87552K)] 93924K->82747K(116736K), [Metaspace: 2698K->2698K(1056768K)], 0.0077450 secs] [Times: user=0.03 sys=0.00, real=0.01 secs] 
2020-10-24T18:27:17.982+0800: [Full GC (Ergonomics) [PSYoungGen: 14809K->0K(29184K)] [ParOldGen: 82747K->85842K(87552K)] 97557K->85842K(116736K), [Metaspace: 2698K->2698K(1056768K)], 0.0117400 secs] [Times: user=0.03 sys=0.00, real=0.01 secs] 
2020-10-24T18:27:17.996+0800: [Full GC (Ergonomics) [PSYoungGen: 14782K->882K(29184K)] [ParOldGen: 85842K->87463K(87552K)] 100624K->88346K(116736K), [Metaspace: 2698K->2698K(1056768K)], 0.0063934 secs] [Times: user=0.02 sys=0.00, real=0.00 secs] 
2020-10-24T18:27:18.005+0800: [Full GC (Ergonomics) [PSYoungGen: 14545K->5255K(29184K)] [ParOldGen: 87463K->87382K(87552K)] 102009K->92638K(116736K), [Metaspace: 2698K->2698K(1056768K)], 0.0039469 secs] [Times: user=0.01 sys=0.00, real=0.00 secs] 
2020-10-24T18:27:18.010+0800: [Full GC (Ergonomics) [PSYoungGen: 14682K->8384K(29184K)] [ParOldGen: 87382K->86970K(87552K)] 102064K->95354K(116736K), [Metaspace: 2698K->2698K(1056768K)], 0.0096841 secs] [Times: user=0.03 sys=0.00, real=0.01 secs] 
2020-10-24T18:27:18.021+0800: [Full GC (Ergonomics) [PSYoungGen: 14664K->8615K(29184K)] [ParOldGen: 86970K->87421K(87552K)] 101634K->96036K(116736K), [Metaspace: 2698K->2698K(1056768K)], 0.0102742 secs] [Times: user=0.04 sys=0.00, real=0.01 secs] 
2020-10-24T18:27:18.032+0800: [Full GC (Ergonomics) [PSYoungGen: 14652K->8597K(29184K)] [ParOldGen: 87421K->87382K(87552K)] 102073K->95979K(116736K), [Metaspace: 2698K->2698K(1056768K)], 0.0097472 secs] [Times: user=0.03 sys=0.00, real=0.01 secs] 
2020-10-24T18:27:18.043+0800: [Full GC (Ergonomics) [PSYoungGen: 14838K->9941K(29184K)] [ParOldGen: 87382K->87314K(87552K)] 102220K->97256K(116736K), [Metaspace: 2698K->2698K(1056768K)], 0.0102171 secs] [Times: user=0.03 sys=0.00, real=0.01 secs] 
2020-10-24T18:27:18.054+0800: [Full GC (Ergonomics) [PSYoungGen: 14669K->12484K(29184K)] [ParOldGen: 87314K->87187K(87552K)] 101984K->99671K(116736K), [Metaspace: 2698K->2698K(1056768K)], 0.0092065 secs] [Times: user=0.04 sys=0.00, real=0.01 secs] 
2020-10-24T18:27:18.063+0800: [Full GC (Ergonomics) [PSYoungGen: 14584K->12448K(29184K)] [ParOldGen: 87187K->87159K(87552K)] 101771K->99607K(116736K), [Metaspace: 2698K->2698K(1056768K)], 0.0102937 secs] [Times: user=0.03 sys=0.00, real=0.01 secs] 
2020-10-24T18:27:18.074+0800: [Full GC (Ergonomics) [PSYoungGen: 14319K->12784K(29184K)] [ParOldGen: 87159K->87030K(87552K)] 101479K->99814K(116736K), [Metaspace: 2698K->2698K(1056768K)], 0.0037505 secs] [Times: user=0.02 sys=0.00, real=0.01 secs] 
2020-10-24T18:27:18.078+0800: [Full GC (Ergonomics) [PSYoungGen: 14834K->12784K(29184K)] [ParOldGen: 87030K->87030K(87552K)] 101864K->99814K(116736K), [Metaspace: 2698K->2698K(1056768K)], 0.0015188 secs] [Times: user=0.00 sys=0.00, real=0.00 secs] 
2020-10-24T18:27:18.080+0800: [Full GC (Ergonomics) [PSYoungGen: 14787K->13989K(29184K)] [ParOldGen: 87030K->86973K(87552K)] 101817K->100963K(116736K), [Metaspace: 2698K->2698K(1056768K)], 0.0049679 secs] [Times: user=0.02 sys=0.00, real=0.01 secs] 
2020-10-24T18:27:18.085+0800: [Full GC (Ergonomics) [PSYoungGen: 14773K->14053K(29184K)] [ParOldGen: 86973K->86973K(87552K)] 101746K->101026K(116736K), [Metaspace: 2698K->2698K(1056768K)], 0.0019411 secs] [Times: user=0.00 sys=0.01, real=0.00 secs] 
2020-10-24T18:27:18.087+0800: [Full GC (Ergonomics) [PSYoungGen: 14695K->13431K(29184K)] [ParOldGen: 86973K->87109K(87552K)] 101669K->100541K(116736K), [Metaspace: 2698K->2698K(1056768K)], 0.0086202 secs] [Times: user=0.03 sys=0.00, real=0.01 secs] 
2020-10-24T18:27:18.096+0800: [Full GC (Ergonomics) [PSYoungGen: 14300K->13826K(29184K)] [ParOldGen: 87109K->86995K(87552K)] 101410K->100821K(116736K), [Metaspace: 2698K->2698K(1056768K)], 0.0059697 secs] [Times: user=0.02 sys=0.00, real=0.00 secs] 
2020-10-24T18:27:18.102+0800: [Full GC (Ergonomics) [PSYoungGen: 14823K->13844K(29184K)] [ParOldGen: 86995K->86995K(87552K)] 101819K->100839K(116736K), [Metaspace: 2698K->2698K(1056768K)], 0.0013821 secs] [Times: user=0.01 sys=0.00, real=0.00 secs] 
2020-10-24T18:27:18.104+0800: [Full GC (Ergonomics) [PSYoungGen: 14735K->13277K(29184K)] [ParOldGen: 86995K->87464K(87552K)] 101731K->100741K(116736K), [Metaspace: 2698K->2698K(1056768K)], 0.0062020 secs] [Times: user=0.02 sys=0.00, real=0.01 secs] 
2020-10-24T18:27:18.111+0800: [Full GC (Ergonomics) [PSYoungGen: 14683K->13318K(29184K)] [ParOldGen: 87464K->87464K(87552K)] 102147K->100782K(116736K), [Metaspace: 2698K->2698K(1056768K)], 0.0015443 secs] [Times: user=0.00 sys=0.00, real=0.00 secs] 
2020-10-24T18:27:18.112+0800: [Full GC (Ergonomics) [PSYoungGen: 14498K->13878K(29184K)] [ParOldGen: 87464K->87464K(87552K)] 101963K->101342K(116736K), [Metaspace: 2698K->2698K(1056768K)], 0.0018156 secs] [Times: user=0.01 sys=0.00, real=0.00 secs] 
2020-10-24T18:27:18.114+0800: [Full GC (Ergonomics) [PSYoungGen: 14613K->14210K(29184K)] [ParOldGen: 87464K->87464K(87552K)] 102078K->101674K(116736K), [Metaspace: 2698K->2698K(1056768K)], 0.0013853 secs] [Times: user=0.00 sys=0.00, real=0.01 secs] 
2020-10-24T18:27:18.116+0800: [Full GC (Ergonomics) [PSYoungGen: 14775K->14210K(29184K)] [ParOldGen: 87464K->87464K(87552K)] 102240K->101674K(116736K), [Metaspace: 2698K->2698K(1056768K)], 0.0014160 secs] [Times: user=0.00 sys=0.00, real=0.00 secs] 
2020-10-24T18:27:18.117+0800: [Full GC (Ergonomics) [PSYoungGen: 14845K->14219K(29184K)] [ParOldGen: 87464K->87464K(87552K)] 102310K->101684K(116736K), [Metaspace: 2698K->2698K(1056768K)], 0.0013759 secs] [Times: user=0.00 sys=0.00, real=0.00 secs] 
2020-10-24T18:27:18.119+0800: [Full GC (Ergonomics) [PSYoungGen: 14827K->14363K(29184K)] [ParOldGen: 87464K->87464K(87552K)] 102291K->101828K(116736K), [Metaspace: 2698K->2698K(1056768K)], 0.0013149 secs] [Times: user=0.00 sys=0.00, real=0.00 secs] 
2020-10-24T18:27:18.121+0800: [Full GC (Ergonomics) [PSYoungGen: 14836K->14399K(29184K)] [ParOldGen: 87464K->87464K(87552K)] 102301K->101864K(116736K), [Metaspace: 2698K->2698K(1056768K)], 0.0014096 secs] [Times: user=0.01 sys=0.00, real=0.00 secs] 
2020-10-24T18:27:18.122+0800: [Full GC (Ergonomics) [PSYoungGen: 14536K->14363K(29184K)] [ParOldGen: 87464K->87464K(87552K)] 102000K->101828K(116736K), [Metaspace: 2698K->2698K(1056768K)], 0.0013459 secs] [Times: user=0.00 sys=0.00, real=0.00 secs] 
2020-10-24T18:27:18.123+0800: [Full GC (Allocation Failure) [PSYoungGen: 14363K->14363K(29184K)] [ParOldGen: 87464K->87445K(87552K)] 101828K->101809K(116736K), [Metaspace: 2698K->2698K(1056768K)], 0.0057822 secs] [Times: user=0.02 sys=0.00, real=0.01 secs] 
Exception in thread "main" java.lang.OutOfMemoryError: Java heap space
	at GCLogAnalysis.generateGarbage(GCLogAnalysis.java:48)
	at GCLogAnalysis.main(GCLogAnalysis.java:25)
Heap
 PSYoungGen      total 29184K, used 14670K [0x00000000fd580000, 0x0000000100000000, 0x0000000100000000)
  eden space 14848K, 98% used [0x00000000fd580000,0x00000000fe3d3ae8,0x00000000fe400000)
  from space 14336K, 0% used [0x00000000fe400000,0x00000000fe400000,0x00000000ff200000)
  to   space 14336K, 0% used [0x00000000ff200000,0x00000000ff200000,0x0000000100000000)
 ParOldGen       total 87552K, used 87445K [0x00000000f8000000, 0x00000000fd580000, 0x00000000fd580000)
  object space 87552K, 99% used [0x00000000f8000000,0x00000000fd5655d0,0x00000000fd580000)
 Metaspace       used 2728K, capacity 4486K, committed 4864K, reserved 1056768K
  class space    used 281K, capacity 386K, committed 512K, reserved 1048576K
